// Vitest Snapshot v1, https://vitest.dev/guide/snapshot.html

exports[`AppShell > соответствует снепшоту 1`] = `
<DocumentFragment>
  <script
    nonce=""
  >
    ((e,i,s,u,m,a,l,h)=&gt;{let d=document.documentElement,w=["light","dark"];function p(n){(Array.isArray(e)?e:[e]).forEach(y=&gt;{let k=y==="class",S=k&&a?m.map(f=&gt;a[f]||f):m;k?(d.classList.remove(...S),d.classList.add(a&&a[n]?a[n]:n)):d.setAttribute(y,n)}),R(n)}function R(n){h&&w.includes(n)&&(d.style.colorScheme=n)}function c(){return window.matchMedia("(prefers-color-scheme: dark)").matches?"dark":"light"}if(u)p(u);else try{let n=localStorage.getItem(i)||s,y=l&&n==="system"?c():n;p(y)}catch(n){}})("class","theme","system",null,["light","dark"],null,true,true)
  </script>
  <div
    class="flex min-h-screen flex-col bg-background"
  >
    <header
      class="border-b border-border bg-card/70 backdrop-blur supports-[backdrop-filter]:bg-card/60"
    >
      <div
        class="container mx-auto flex w-full max-w-6xl flex-col gap-4 px-4 py-4 sm:px-6 lg:py-5"
      >
        <div
          class="flex flex-col gap-3 sm:flex-row sm:items-center sm:justify-between"
        >
          <div
            class="flex items-center gap-3"
          >
            <a
              class="text-lg font-semibold tracking-tight"
              href="/app"
            >
              Link Vault
            </a>
            <span
              class="hidden text-sm text-muted-foreground md:inline"
            >
              Минималистичный менеджер ссылок
            </span>
          </div>
          <div
            class="flex items-center gap-2 sm:justify-end"
          >
            <button
              class="items-center justify-center whitespace-nowrap text-sm font-medium transition-colors focus-visible:outline-none focus-visible:ring-2 focus-visible:ring-ring focus-visible:ring-offset-2 disabled:pointer-events-none disabled:opacity-50 ring-offset-background bg-primary text-primary-foreground hover:bg-primary/90 h-9 rounded-md px-3 hidden sm:inline-flex"
              disabled=""
              type="button"
            >
              Добавить ссылку
            </button>
            <button
              aria-label="Переключить тему"
              class="inline-flex items-center justify-center whitespace-nowrap rounded-md text-sm font-medium transition-colors focus-visible:outline-none focus-visible:ring-2 focus-visible:ring-ring focus-visible:ring-offset-2 disabled:pointer-events-none disabled:opacity-50 ring-offset-background border border-input bg-background hover:bg-accent hover:text-accent-foreground h-10 w-10"
              title="Переключить на тёмную тему"
              type="button"
            >
              <svg
                aria-hidden="true"
                class="lucide lucide-sun h-[1.2rem] w-[1.2rem]"
                fill="none"
                height="24"
                stroke="currentColor"
                stroke-linecap="round"
                stroke-linejoin="round"
                stroke-width="2"
                viewBox="0 0 24 24"
                width="24"
                xmlns="http://www.w3.org/2000/svg"
              >
                <circle
                  cx="12"
                  cy="12"
                  r="4"
                />
                <path
                  d="M12 2v2"
                />
                <path
                  d="M12 20v2"
                />
                <path
                  d="m4.93 4.93 1.41 1.41"
                />
                <path
                  d="m17.66 17.66 1.41 1.41"
                />
                <path
                  d="M2 12h2"
                />
                <path
                  d="M20 12h2"
                />
                <path
                  d="m6.34 17.66-1.41 1.41"
                />
                <path
                  d="m19.07 4.93-1.41 1.41"
                />
              </svg>
            </button>
            <button
              type="button"
            >
              Выйти
            </button>
          </div>
        </div>
        <div
          class="flex flex-col gap-3 sm:flex-row sm:items-center sm:justify-between"
        >
          <div
            class="w-full sm:max-w-xl sm:flex-1"
          >
            <label
              class="sr-only"
              for="global-search"
            >
              Глобальный поиск по ссылкам
            </label>
            <div
              class="relative"
            >
              <svg
                aria-hidden="true"
                class="lucide lucide-search pointer-events-none absolute left-3 top-1/2 h-4 w-4 -translate-y-1/2 text-muted-foreground"
                fill="none"
                height="24"
                stroke="currentColor"
                stroke-linecap="round"
                stroke-linejoin="round"
                stroke-width="2"
                viewBox="0 0 24 24"
                width="24"
                xmlns="http://www.w3.org/2000/svg"
              >
                <circle
                  cx="11"
                  cy="11"
                  r="8"
                />
                <path
                  d="m21 21-4.3-4.3"
                />
              </svg>
              <input
                aria-describedby="global-search-helper"
                aria-disabled="true"
                class="flex h-10 w-full rounded-md border border-input bg-background px-3 py-2 text-sm ring-offset-background file:border-0 file:bg-transparent file:text-sm file:font-medium placeholder:text-muted-foreground focus-visible:outline-none focus-visible:ring-2 focus-visible:ring-ring focus-visible:ring-offset-2 disabled:cursor-not-allowed disabled:opacity-50 cursor-not-allowed border-dashed pl-10 pr-4 text-muted-foreground"
                id="global-search"
                placeholder="Поиск по ссылкам (в разработке)"
                readonly=""
                title="Поиск появится после реализации API."
                type="search"
              />
            </div>
            <p
              class="mt-1 text-xs text-muted-foreground"
              id="global-search-helper"
            >
              Возможность искать появится после запуска API и индексов.
            </p>
          </div>
          <div
            class="flex w-full items-center justify-between gap-3 sm:w-auto sm:justify-end"
          >
            <div
              class="text-sm text-muted-foreground sm:text-right"
            >
              <p
                class="font-medium text-foreground"
              >
                Анна
              </p>
              <p
                class="text-xs"
              >
                user@example.com
              </p>
            </div>
            <button
              class="inline-flex items-center justify-center whitespace-nowrap text-sm font-medium transition-colors focus-visible:outline-none focus-visible:ring-2 focus-visible:ring-ring focus-visible:ring-offset-2 disabled:pointer-events-none disabled:opacity-50 ring-offset-background bg-primary text-primary-foreground hover:bg-primary/90 h-9 rounded-md px-3 sm:hidden"
              disabled=""
              type="button"
            >
              Добавить ссылку
            </button>
          </div>
        </div>
      </div>
    </header>
    <main
      class="container mx-auto flex w-full max-w-6xl flex-1 px-4 py-10 sm:px-6 lg:py-12"
    >
      <div>
        Контент
      </div>
    </main>
  </div>
</DocumentFragment>
`;
